[INFO] Scanning for projects...
[INFO] 
[INFO] ----------------------< com.med:cognitive-module >----------------------
[INFO] Building cognitive-module 0.0.1-SNAPSHOT
[INFO]   from pom.xml
[INFO] --------------------------------[ jar ]---------------------------------
[INFO] 
[INFO] --- clean:3.3.2:clean (default-clean) @ cognitive-module ---
[INFO] Deleting C:\Users\mraya\Downloads\DÚvelopper interface Memoria (3)\backend\target
[INFO] 
[INFO] --- resources:3.3.1:resources (default-resources) @ cognitive-module ---
[INFO] Copying 1 resource from src\main\resources to target\classes
[INFO] Copying 1 resource from src\main\resources to target\classes
[INFO] 
[INFO] --- compiler:3.11.0:compile (default-compile) @ cognitive-module ---
[INFO] Changes detected - recompiling the module! :source
[INFO] Compiling 42 source files with javac [debug release 17] to target\classes
[INFO] /C:/Users/mraya/Downloads/DÚvelopper interface Memoria (3)/backend/src/main/java/com/med/cognitive/entity/MapToStringConverter.java: Some input files use unchecked or unsafe operations.
[INFO] /C:/Users/mraya/Downloads/DÚvelopper interface Memoria (3)/backend/src/main/java/com/med/cognitive/entity/MapToStringConverter.java: Recompile with -Xlint:unchecked for details.
[INFO] 
[INFO] --- resources:3.3.1:testResources (default-testResources) @ cognitive-module ---
[INFO] Copying 1 resource from src\test\resources to target\test-classes
[INFO] 
[INFO] --- compiler:3.11.0:testCompile (default-testCompile) @ cognitive-module ---
[INFO] Changes detected - recompiling the module! :dependency
[INFO] Compiling 5 source files with javac [debug release 17] to target\test-classes
[INFO] -------------------------------------------------------------
[ERROR] COMPILATION ERROR : 
[INFO] -------------------------------------------------------------
[ERROR] /C:/Users/mraya/Downloads/DÚvelopper interface Memoria (3)/backend/src/test/java/com/med/cognitive/service/CognitiveTestServiceTest.java:[35,39] cannot access com.med.cognitive.entity.CognitiveTest.TypeTest
  bad class file: C:\Users\mraya\Downloads\DÚvelopper interface Memoria (3)\backend\target\classes\com\med\cognitive\entity\CognitiveTest$TypeTest.class
    unable to access file: java.nio.file.NoSuchFileException: C:\Users\mraya\Downloads\DÚvelopper interface Memoria (3)\backend\target\classes\com\med\cognitive\entity\CognitiveTest$TypeTest.class
    Please remove or make sure it appears in the correct subdirectory of the classpath.
[ERROR] /C:/Users/mraya/Downloads/DÚvelopper interface Memoria (3)/backend/src/test/java/com/med/cognitive/service/PatientTestAssignmentServiceTest.java:[49,55] cannot access com.med.cognitive.entity.PatientTestAssignment.AssignmentStatus
  bad class file: C:\Users\mraya\Downloads\DÚvelopper interface Memoria (3)\backend\target\classes\com\med\cognitive\entity\PatientTestAssignment$AssignmentStatus.class
    unable to access file: java.nio.file.NoSuchFileException: C:\Users\mraya\Downloads\DÚvelopper interface Memoria (3)\backend\target\classes\com\med\cognitive\entity\PatientTestAssignment$AssignmentStatus.class
    Please remove or make sure it appears in the correct subdirectory of the classpath.
[ERROR] /C:/Users/mraya/Downloads/DÚvelopper interface Memoria (3)/backend/src/test/java/com/med/cognitive/controller/CognitiveTestControllerIntegrationTest.java:[43,41] cannot find symbol
  symbol:   variable TypeTest
  location: class com.med.cognitive.entity.CognitiveTest
[ERROR] /C:/Users/mraya/Downloads/DÚvelopper interface Memoria (3)/backend/src/test/java/com/med/cognitive/controller/CognitiveTestControllerIntegrationTest.java:[44,19] cannot access com.med.cognitive.entity.CognitiveTest.DifficultyLevel
  bad class file: C:\Users\mraya\Downloads\DÚvelopper interface Memoria (3)\backend\target\classes\com\med\cognitive\entity\CognitiveTest$DifficultyLevel.class
    unable to access file: java.nio.file.NoSuchFileException: C:\Users\mraya\Downloads\DÚvelopper interface Memoria (3)\backend\target\classes\com\med\cognitive\entity\CognitiveTest$DifficultyLevel.class
    Please remove or make sure it appears in the correct subdirectory of the classpath.
[ERROR] /C:/Users/mraya/Downloads/DÚvelopper interface Memoria (3)/backend/src/test/java/com/med/cognitive/controller/CognitiveTestControllerIntegrationTest.java:[67,38] cannot find symbol
  symbol:   variable TypeTest
  location: class com.med.cognitive.entity.CognitiveTest
[ERROR] /C:/Users/mraya/Downloads/DÚvelopper interface Memoria (3)/backend/src/test/java/com/med/cognitive/service/DecisionServiceTest.java:[42,47] cannot access com.med.cognitive.entity.TestResult.SeverityLevel
  bad class file: C:\Users\mraya\Downloads\DÚvelopper interface Memoria (3)\backend\target\classes\com\med\cognitive\entity\TestResult$SeverityLevel.class
    unable to access file: java.nio.file.NoSuchFileException: C:\Users\mraya\Downloads\DÚvelopper interface Memoria (3)\backend\target\classes\com\med\cognitive\entity\TestResult$SeverityLevel.class
    Please remove or make sure it appears in the correct subdirectory of the classpath.
[ERROR] /C:/Users/mraya/Downloads/DÚvelopper interface Memoria (3)/backend/src/test/java/com/med/cognitive/service/DecisionServiceTest.java:[60,30] cannot access com.med.cognitive.entity.Decision.DecisionType
  bad class file: C:\Users\mraya\Downloads\DÚvelopper interface Memoria (3)\backend\target\classes\com\med\cognitive\entity\Decision$DecisionType.class
    unable to access file: java.nio.file.NoSuchFileException: C:\Users\mraya\Downloads\DÚvelopper interface Memoria (3)\backend\target\classes\com\med\cognitive\entity\Decision$DecisionType.class
    Please remove or make sure it appears in the correct subdirectory of the classpath.
[ERROR] /C:/Users/mraya/Downloads/DÚvelopper interface Memoria (3)/backend/src/test/java/com/med/cognitive/service/DecisionServiceTest.java:[61,30] cannot access com.med.cognitive.entity.Decision.RiskLevel
  bad class file: C:\Users\mraya\Downloads\DÚvelopper interface Memoria (3)\backend\target\classes\com\med\cognitive\entity\Decision$RiskLevel.class
    unable to access file: java.nio.file.NoSuchFileException: C:\Users\mraya\Downloads\DÚvelopper interface Memoria (3)\backend\target\classes\com\med\cognitive\entity\Decision$RiskLevel.class
    Please remove or make sure it appears in the correct subdirectory of the classpath.
[ERROR] /C:/Users/mraya/Downloads/DÚvelopper interface Memoria (3)/backend/src/test/java/com/med/cognitive/controller/TestResultControllerIntegrationTest.java:[51,41] cannot find symbol
  symbol:   variable TypeTest
  location: class com.med.cognitive.entity.CognitiveTest
[ERROR] /C:/Users/mraya/Downloads/DÚvelopper interface Memoria (3)/backend/src/test/java/com/med/cognitive/controller/TestResultControllerIntegrationTest.java:[59,49] cannot find symbol
  symbol:   variable SeverityLevel
  location: class com.med.cognitive.entity.TestResult
[INFO] 10 errors 
[INFO] -------------------------------------------------------------
[INFO] ------------------------------------------------------------------------
[INFO] BUILD FAILURE
[INFO] ------------------------------------------------------------------------
[INFO] Total time:  15.569 s
[INFO] Finished at: 2026-02-18T03:04:55+01:00
[INFO] ------------------------------------------------------------------------
[ERROR] Failed to execute goal org.apache.maven.plugins:maven-compiler-plugin:3.11.0:testCompile (default-testCompile) on project cognitive-module: Compilation failure: Compilation failure: 
[ERROR] /C:/Users/mraya/Downloads/DÚvelopper interface Memoria (3)/backend/src/test/java/com/med/cognitive/service/CognitiveTestServiceTest.java:[35,39] cannot access com.med.cognitive.entity.CognitiveTest.TypeTest
[ERROR]   bad class file: C:\Users\mraya\Downloads\DÚvelopper interface Memoria (3)\backend\target\classes\com\med\cognitive\entity\CognitiveTest$TypeTest.class
[ERROR]     unable to access file: java.nio.file.NoSuchFileException: C:\Users\mraya\Downloads\DÚvelopper interface Memoria (3)\backend\target\classes\com\med\cognitive\entity\CognitiveTest$TypeTest.class
[ERROR]     Please remove or make sure it appears in the correct subdirectory of the classpath.
[ERROR] /C:/Users/mraya/Downloads/DÚvelopper interface Memoria (3)/backend/src/test/java/com/med/cognitive/service/PatientTestAssignmentServiceTest.java:[49,55] cannot access com.med.cognitive.entity.PatientTestAssignment.AssignmentStatus
[ERROR]   bad class file: C:\Users\mraya\Downloads\DÚvelopper interface Memoria (3)\backend\target\classes\com\med\cognitive\entity\PatientTestAssignment$AssignmentStatus.class
[ERROR]     unable to access file: java.nio.file.NoSuchFileException: C:\Users\mraya\Downloads\DÚvelopper interface Memoria (3)\backend\target\classes\com\med\cognitive\entity\PatientTestAssignment$AssignmentStatus.class
[ERROR]     Please remove or make sure it appears in the correct subdirectory of the classpath.
[ERROR] /C:/Users/mraya/Downloads/DÚvelopper interface Memoria (3)/backend/src/test/java/com/med/cognitive/controller/CognitiveTestControllerIntegrationTest.java:[43,41] cannot find symbol
[ERROR]   symbol:   variable TypeTest
[ERROR]   location: class com.med.cognitive.entity.CognitiveTest
[ERROR] /C:/Users/mraya/Downloads/DÚvelopper interface Memoria (3)/backend/src/test/java/com/med/cognitive/controller/CognitiveTestControllerIntegrationTest.java:[44,19] cannot access com.med.cognitive.entity.CognitiveTest.DifficultyLevel
[ERROR]   bad class file: C:\Users\mraya\Downloads\DÚvelopper interface Memoria (3)\backend\target\classes\com\med\cognitive\entity\CognitiveTest$DifficultyLevel.class
[ERROR]     unable to access file: java.nio.file.NoSuchFileException: C:\Users\mraya\Downloads\DÚvelopper interface Memoria (3)\backend\target\classes\com\med\cognitive\entity\CognitiveTest$DifficultyLevel.class
[ERROR]     Please remove or make sure it appears in the correct subdirectory of the classpath.
[ERROR] /C:/Users/mraya/Downloads/DÚvelopper interface Memoria (3)/backend/src/test/java/com/med/cognitive/controller/CognitiveTestControllerIntegrationTest.java:[67,38] cannot find symbol
[ERROR]   symbol:   variable TypeTest
[ERROR]   location: class com.med.cognitive.entity.CognitiveTest
[ERROR] /C:/Users/mraya/Downloads/DÚvelopper interface Memoria (3)/backend/src/test/java/com/med/cognitive/service/DecisionServiceTest.java:[42,47] cannot access com.med.cognitive.entity.TestResult.SeverityLevel
[ERROR]   bad class file: C:\Users\mraya\Downloads\DÚvelopper interface Memoria (3)\backend\target\classes\com\med\cognitive\entity\TestResult$SeverityLevel.class
[ERROR]     unable to access file: java.nio.file.NoSuchFileException: C:\Users\mraya\Downloads\DÚvelopper interface Memoria (3)\backend\target\classes\com\med\cognitive\entity\TestResult$SeverityLevel.class
[ERROR]     Please remove or make sure it appears in the correct subdirectory of the classpath.
[ERROR] /C:/Users/mraya/Downloads/DÚvelopper interface Memoria (3)/backend/src/test/java/com/med/cognitive/service/DecisionServiceTest.java:[60,30] cannot access com.med.cognitive.entity.Decision.DecisionType
[ERROR]   bad class file: C:\Users\mraya\Downloads\DÚvelopper interface Memoria (3)\backend\target\classes\com\med\cognitive\entity\Decision$DecisionType.class
[ERROR]     unable to access file: java.nio.file.NoSuchFileException: C:\Users\mraya\Downloads\DÚvelopper interface Memoria (3)\backend\target\classes\com\med\cognitive\entity\Decision$DecisionType.class
[ERROR]     Please remove or make sure it appears in the correct subdirectory of the classpath.
[ERROR] /C:/Users/mraya/Downloads/DÚvelopper interface Memoria (3)/backend/src/test/java/com/med/cognitive/service/DecisionServiceTest.java:[61,30] cannot access com.med.cognitive.entity.Decision.RiskLevel
[ERROR]   bad class file: C:\Users\mraya\Downloads\DÚvelopper interface Memoria (3)\backend\target\classes\com\med\cognitive\entity\Decision$RiskLevel.class
[ERROR]     unable to access file: java.nio.file.NoSuchFileException: C:\Users\mraya\Downloads\DÚvelopper interface Memoria (3)\backend\target\classes\com\med\cognitive\entity\Decision$RiskLevel.class
[ERROR]     Please remove or make sure it appears in the correct subdirectory of the classpath.
[ERROR] /C:/Users/mraya/Downloads/DÚvelopper interface Memoria (3)/backend/src/test/java/com/med/cognitive/controller/TestResultControllerIntegrationTest.java:[51,41] cannot find symbol
[ERROR]   symbol:   variable TypeTest
[ERROR]   location: class com.med.cognitive.entity.CognitiveTest
[ERROR] /C:/Users/mraya/Downloads/DÚvelopper interface Memoria (3)/backend/src/test/java/com/med/cognitive/controller/TestResultControllerIntegrationTest.java:[59,49] cannot find symbol
[ERROR]   symbol:   variable SeverityLevel
[ERROR]   location: class com.med.cognitive.entity.TestResult
[ERROR] -> [Help 1]
[ERROR] 
[ERROR] To see the full stack trace of the errors, re-run Maven with the -e switch.
[ERROR] Re-run Maven using the -X switch to enable full debug logging.
[ERROR] 
[ERROR] For more information about the errors and possible solutions, please read the following articles:
[ERROR] [Help 1] http://cwiki.apache.org/confluence/display/MAVEN/MojoFailureException
