[INFO] Scanning for projects...
[INFO] 
[INFO] ----------------------< com.med:cognitive-module >----------------------
[INFO] Building cognitive-module 0.0.1-SNAPSHOT
[INFO]   from pom.xml
[INFO] --------------------------------[ jar ]---------------------------------
[INFO] 
[INFO] --- clean:3.3.2:clean (default-clean) @ cognitive-module ---
[INFO] Deleting C:\Users\mraya\Downloads\DÚvelopper interface Memoria (3)\backend\target
[INFO] 
[INFO] --- resources:3.3.1:resources (default-resources) @ cognitive-module ---
[INFO] Copying 1 resource from src\main\resources to target\classes
[INFO] Copying 1 resource from src\main\resources to target\classes
[INFO] 
[INFO] --- compiler:3.11.0:compile (default-compile) @ cognitive-module ---
[INFO] Changes detected - recompiling the module! :source
[INFO] Compiling 41 source files with javac [debug release 17] to target\classes
[INFO] /C:/Users/mraya/Downloads/DÚvelopper interface Memoria (3)/backend/src/main/java/com/med/cognitive/entity/MapToStringConverter.java: Some input files use unchecked or unsafe operations.
[INFO] /C:/Users/mraya/Downloads/DÚvelopper interface Memoria (3)/backend/src/main/java/com/med/cognitive/entity/MapToStringConverter.java: Recompile with -Xlint:unchecked for details.
[INFO] 
[INFO] --- resources:3.3.1:testResources (default-testResources) @ cognitive-module ---
[INFO] Copying 1 resource from src\test\resources to target\test-classes
[INFO] 
[INFO] --- compiler:3.11.0:testCompile (default-testCompile) @ cognitive-module ---
[INFO] Changes detected - recompiling the module! :dependency
[INFO] Compiling 5 source files with javac [debug release 17] to target\test-classes
[INFO] Some messages have been simplified; recompile with -Xdiags:verbose to get full output
[INFO] -------------------------------------------------------------
[ERROR] COMPILATION ERROR : 
[INFO] -------------------------------------------------------------
[ERROR] /C:/Users/mraya/Downloads/DÚvelopper interface Memoria (3)/backend/src/test/java/com/med/cognitive/controller/CognitiveTestControllerIntegrationTest.java:[44,39] incompatible types: int cannot be converted to com.med.cognitive.entity.CognitiveTest.DifficultyLevel
[INFO] 1 error
[INFO] -------------------------------------------------------------
[INFO] ------------------------------------------------------------------------
[INFO] BUILD FAILURE
[INFO] ------------------------------------------------------------------------
[INFO] Total time:  8.355 s
[INFO] Finished at: 2026-02-18T01:16:43+01:00
[INFO] ------------------------------------------------------------------------
[ERROR] Failed to execute goal org.apache.maven.plugins:maven-compiler-plugin:3.11.0:testCompile (default-testCompile) on project cognitive-module: Compilation failure
[ERROR] /C:/Users/mraya/Downloads/DÚvelopper interface Memoria (3)/backend/src/test/java/com/med/cognitive/controller/CognitiveTestControllerIntegrationTest.java:[44,39] incompatible types: int cannot be converted to com.med.cognitive.entity.CognitiveTest.DifficultyLevel
[ERROR] 
[ERROR] -> [Help 1]
[ERROR] 
[ERROR] To see the full stack trace of the errors, re-run Maven with the -e switch.
[ERROR] Re-run Maven using the -X switch to enable full debug logging.
[ERROR] 
[ERROR] For more information about the errors and possible solutions, please read the following articles:
[ERROR] [Help 1] http://cwiki.apache.org/confluence/display/MAVEN/MojoFailureException
